// Jest Snapshot v1, https://goo.gl/fbAQLP

exports[`Should match shapshot 1`] = `
<DocumentFragment>
  <div
    class="SearchBox"
  >
    <input
      type="text"
    />
    <button>
      SEARCH
    </button>
  </div>
</DocumentFragment>
`;
