// Jest Snapshot v1, https://goo.gl/fbAQLP

exports[`Should match shapshot 1`] = `
<DocumentFragment>
  <div>
    <div>
      <p>

         Driver Name: Test
      </p>
    </div>
  </div>
</DocumentFragment>
`;
